I20251107 17:15:48.718914 4053638 HiveConnector.cpp:53] Hive connector test-hive created with maximum of 20000 cached file handles with expiration of 0ms.
I20251107 17:15:48.774011 4053638 1brc_server.cpp:176] reading 8192 MB chunks at once
I20251107 17:15:48.774155 4053638 ParquetConnector.cpp:31] cudf::Parquet connector test-parquet created.
I20251107 17:15:49.865051 4053638 1brc_server.cpp:216] setting output buffer to: 32768 MB
I20251107 17:15:49.865588 4053638 1brc_server.cpp:246] Reading parquet file: file:/gpfs/zc2/data/tpch/tpch-sf1-parquet/one_brc_parquet/measurements.parquet
I20251107 17:15:49.865957 4053638 1brc_server.cpp:277] Starting Reader Task
I20251107 17:15:49.866261 4053638 Task.cpp:1090] initializing OutputBufferManager with 1 partitions and 1 drivers
I20251107 17:15:49.867138 4053638 ToCudf.cpp:72] + CompileState::compile
I20251107 17:15:49.867759 4053638 ToCudf.cpp:427] - CompileState::compile
I20251107 17:15:49.872438 4053671 ParquetDataSource.cpp:255] Adding split Parquet: /gpfs/zc2/data/tpch/tpch-sf1-parquet/one_brc_parquet/measurements.parquet
I20251107 17:15:50.660157 4053669 Communicator.cpp:120] Communicator running with error handling in blocking progress mode
I20251107 17:15:54.528419 4053671 CudfPartitionedOutput.cpp:132] cudf::pack time: 14752 µs
I20251107 17:15:54.528491 4053671 CudfPartitionedOutput.cpp:134] throughput: 697394 MByte/s
I20251107 17:15:54.528535 4053671 CudfPartitionedOutput.cpp:167] complete partitioning and enqueueing time: 14893 µs
I20251107 17:15:55.682917 4053671 CudfPartitionedOutput.cpp:132] cudf::pack time: 12844 µs
I20251107 17:15:55.682958 4053671 CudfPartitionedOutput.cpp:134] throughput: 801168 MByte/s
I20251107 17:15:55.682966 4053671 CudfPartitionedOutput.cpp:167] complete partitioning and enqueueing time: 12909 µs
I20251107 17:15:56.115432 4053671 CudfPartitionedOutput.cpp:132] cudf::pack time: 3943 µs
I20251107 17:15:56.115463 4053671 CudfPartitionedOutput.cpp:134] throughput: 768094 MByte/s
I20251107 17:15:56.115468 4053671 CudfPartitionedOutput.cpp:167] complete partitioning and enqueueing time: 3989 µs
I20251107 17:15:56.116947 4053671 Task.cpp:1377] All drivers (1) finished for task task0 after running for 6.25s
I20251107 17:16:10.214110 4053669 Communicator.cpp:246] Communicator received a connection request from client at address 9.4.249.65:35700
I20251107 17:16:10.977872 4053669 Acceptor.cpp:55] Registered new exchange server task: [ExSrv task0/0 - 0]
I20251107 17:16:10.977989 4053669 CudfExchangeServer.cpp:68] Found data for client: task0/0
I20251107 17:16:10.978191 4053669 CudfExchangeServer.cpp:162] metadata successfully sent to task0/0 with tag: cda0d3c302000000
I20251107 17:16:10.978206 4053669 CudfExchangeServer.cpp:180] Sending rmm::buffer: 0x7f1b1fadb0a0 pointing to device memory: 0x7f21d77dd700 to task task0/0:0 of size 10287967104
I20251107 17:16:11.836012 4053669 CudfExchangeServer.cpp:233] send duration: 858004 µs
I20251107 17:16:11.836030 4053669 CudfExchangeServer.cpp:234] send bytes transferred: 9811 MBytes
I20251107 17:16:11.836035 4053669 CudfExchangeServer.cpp:235] metadata & data throughput: 11990 MByte/s
I20251107 17:16:11.836038 4053669 CudfExchangeServer.cpp:242] data send duration (micros): 857801 µs
I20251107 17:16:11.836042 4053669 CudfExchangeServer.cpp:243] data only throughput: 11993 MByte/s
I20251107 17:16:11.836184 4053669 CudfExchangeServer.cpp:247] Releasing dataPtr_ in sendComplete.
I20251107 17:16:11.836197 4053669 CudfExchangeServer.cpp:68] Found data for client: task0/0
I20251107 17:16:11.836237 4053669 CudfExchangeServer.cpp:162] metadata successfully sent to task0/0 with tag: cda0d3c302000001
I20251107 17:16:11.836246 4053669 CudfExchangeServer.cpp:180] Sending rmm::buffer: 0x7f1b1fadd6e0 pointing to device memory: 0x7f16c4b4da00 to task task0/0:1 of size 10290202624
I20251107 17:16:12.193934 4053669 CudfExchangeServer.cpp:233] send duration: 357724 µs
I20251107 17:16:12.193949 4053669 CudfExchangeServer.cpp:234] send bytes transferred: 9813 MBytes
I20251107 17:16:12.193954 4053669 CudfExchangeServer.cpp:235] metadata & data throughput: 28765 MByte/s
I20251107 17:16:12.193958 4053669 CudfExchangeServer.cpp:242] data send duration (micros): 357684 µs
I20251107 17:16:12.193961 4053669 CudfExchangeServer.cpp:243] data only throughput: 28768 MByte/s
I20251107 17:16:12.193971 4053669 CudfExchangeServer.cpp:247] Releasing dataPtr_ in sendComplete.
I20251107 17:16:12.193987 4053669 CudfExchangeServer.cpp:68] Found data for client: task0/0
I20251107 17:16:12.194033 4053669 CudfExchangeServer.cpp:162] metadata successfully sent to task0/0 with tag: cda0d3c302000002
I20251107 17:16:12.194043 4053669 CudfExchangeServer.cpp:180] Sending rmm::buffer: 0x7f1b1faddd80 pointing to device memory: 0x7f15fa000000 to task task0/0:2 of size 3028596992
I20251107 17:16:12.212805 4053669 CudfExchangeServer.cpp:233] send duration: 18807 µs
I20251107 17:16:12.212815 4053669 CudfExchangeServer.cpp:234] send bytes transferred: 2888 MBytes
I20251107 17:16:12.212821 4053669 CudfExchangeServer.cpp:235] metadata & data throughput: 161035 MByte/s
I20251107 17:16:12.212826 4053669 CudfExchangeServer.cpp:242] data send duration (micros): 18761 µs
I20251107 17:16:12.212828 4053669 CudfExchangeServer.cpp:243] data only throughput: 161430 MByte/s
I20251107 17:16:12.212834 4053669 CudfExchangeServer.cpp:247] Releasing dataPtr_ in sendComplete.
I20251107 17:16:12.212843 4053669 CudfExchangeServer.cpp:68] Found data for client: task0/0
I20251107 17:16:12.212850 4053669 CudfExchangeServer.cpp:141] Final exchange for task0/0
I20251107 17:16:12.212884 4053669 CudfExchangeServer.cpp:162] metadata successfully sent to task0/0 with tag: cda0d3c302000003
I20251107 17:16:12.212893 4053669 CudfExchangeServer.cpp:201] Finished transferring partition for task task0/0
I20251107 17:16:12.212896 4053669 CudfExchangeServer.cpp:209] total exchange duration: 1234894 µs
I20251107 17:16:12.212901 4053669 CudfExchangeServer.cpp:210] total amount of bytes transferred: 22513 MBytes
I20251107 17:16:12.212905 4053669 CudfExchangeServer.cpp:211] total throughput: 19116 MByte/s
I20251107 17:16:12.212910 4053669 CudfExchangeServer.cpp:212]
StateTransitionMetrics:
  Total transitions recorded: 15

  Statistics:
  Created -> ReadyToTransfer:
    Count: 1
    Total duration: 84 µs
    Average duration: 84 µs
    Min duration: 84 µs
    Max duration: 84 µs
    Total bytes: 0
    Average bytes: 0
    Min bytes: 0
    Max bytes: 0
    Individual transitions:
      Index, Duration µs, Bytes, Throughput MB/s
      0, 84, 0
  DataReady -> WaitingForSendComplete:
    Count: 3
    Total duration: 330 µs
    Average duration: 110 µs
    Min duration: 50 µs
    Max duration: 226 µs
    Total bytes: 23606766720
    Average bytes: 7.86892e+09
    Min bytes: 3028596992
    Max bytes: 10290202624
    Overall throughput: 6.82217e+07 MB/s
    Average throughput: 6.82217e+07 MB/s
    Individual transitions:
      Index, Duration µs, Bytes, Throughput MB/s
      0, 226, 10287967104, 4.34131e+07
      1, 50, 10290202624, 1.9627e+08
      2, 54, 3028596992, 5.34869e+07
  ReadyToTransfer -> WaitingForDataFromQueue:
    Count: 4
    Total duration: 27 µs
    Average duration: 6.75 µs
    Min duration: 2 µs
    Max duration: 10 µs
    Total bytes: 0
    Average bytes: 0
    Min bytes: 0
    Max bytes: 0
    Individual transitions:
      Index, Duration µs, Bytes, Throughput MB/s
      0, 10, 0
      1, 5, 0
      2, 10, 0
      3, 2, 0
  WaitingForDataFromQueue -> DataReady:
    Count: 4
    Total duration: 60 µs
    Average duration: 15 µs
    Min duration: 5 µs
    Max duration: 41 µs
    Total bytes: 0
    Average bytes: 0
    Min bytes: 0
    Max bytes: 0
    Individual transitions:
      Index, Duration µs, Bytes, Throughput MB/s
      0, 41, 0
      1, 7, 0
      2, 7, 0
      3, 5, 0
  WaitingForSendComplete -> ReadyToTransfer:
    Count: 3
    Total duration: 1234479 µs
    Average duration: 411493 µs
    Min duration: 18792 µs
    Max duration: 857964 µs
    Total bytes: 23606766720
    Average bytes: 7.86892e+09
    Min bytes: 3028596992
    Max bytes: 10290202624
    Overall throughput: 18237 MB/s
    Average throughput: 18237 MB/s
    Individual transitions:
      Index, Duration µs, Bytes, Throughput MB/s
      0, 857964, 10287967104, 11435.6
      1, 357723, 10290202624, 27433.2
      2, 18792, 3028596992, 153698
I20251107 17:16:12.213231 4053669 Task.cpp:2428] Terminating task task0 with state Finished after running for 22.35s
I20251107 17:16:12.213503 4053669 CudfExchangeServer.cpp:107] Close CudfExchangeServer to remote task0/0
I20251107 17:16:12.213493 4053638 1brc_server.cpp:280] reader task done.
I20251107 17:16:12.213565 4053638 1brc_server.cpp:282] -- PartitionedOutput[2][SINGLE CompactRow] -> station_name:VARCHAR, measurement:DOUBLE
   Output: 1000000000 rows (21.99GB, 3 batches), Cpu time: 31.64ms, Wall time: 31.86ms, Blocked wall time: 0ns, Peak memory: 0B, Memory allocations: 0, Threads: 1, CPU breakdown: B/I/O/F (18.25us/31.61ms/4.15us/4.48us)
      queuedWallNanos              sum: 4.40ms, count: 1, min: 4.40ms, max: 4.40ms, avg: 4.40ms
      runningAddInputWallNanos     sum: 31.81ms, count: 1, min: 31.81ms, max: 31.81ms, avg: 31.81ms
      runningFinishWallNanos       sum: 6.33us, count: 1, min: 6.33us, max: 6.33us, avg: 6.33us
      runningGetOutputWallNanos    sum: 5.85us, count: 1, min: 5.85us, max: 5.85us, avg: 5.85us
  -- Project[1][expressions: (station_name:VARCHAR, ROW["station_name"]), (measurement:DOUBLE, ROW["measurement"])] -> station_name:VARCHAR, measurement:DOUBLE
     Output: 1000000000 rows (21.99GB, 3 batches), Cpu time: 128.46us, Wall time: 138.11us, Blocked wall time: 0ns, Peak memory: 0B, Memory allocations: 0, Threads: 1, CPU breakdown: B/I/O/F (8.36us/6.57us/111.02us/2.51us)
        runningAddInputWallNanos     sum: 7.57us, count: 1, min: 7.57us, max: 7.57us, avg: 7.57us
        runningFinishWallNanos       sum: 4.17us, count: 1, min: 4.17us, max: 4.17us, avg: 4.17us
        runningGetOutputWallNanos    sum: 113.40us, count: 1, min: 113.40us, max: 113.40us, avg: 113.40us
    -- TableScan[0][table: hive_table] -> station_name:VARCHAR, measurement:DOUBLE
       Input: 1000000000 rows (21.99GB, 3 batches), Output: 1000000000 rows (21.99GB, 3 batches), Cpu time: 4.97s, Wall time: 6.21s, Blocked wall time: 0ns, Peak memory: 0B, Memory allocations: 0, Threads: 1, Splits: 1, CPU breakdown: B/I/O/F (8.72us/0ns/4.97s/380ns)
          connectorSplitSize             sum: 0, count: 1, min: 0, max: 0, avg: 0
          dataSourceAddSplitWallNanos    sum: 771.68ms, count: 1, min: 771.68ms, max: 771.68ms, avg: 771.68ms
          dataSourceReadWallNanos        sum: 5.44s, count: 4, min: 1.16ms, max: 3.87s, avg: 1.36s
          runningAddInputWallNanos       sum: 0ns, count: 1, min: 0ns, max: 0ns, avg: 0ns
          runningFinishWallNanos         sum: 630ns, count: 1, min: 630ns, max: 630ns, avg: 630ns
          runningGetOutputWallNanos      sum: 6.21s, count: 1, min: 6.21s, max: 6.21s, avg: 6.21s
          totalRemainingFilterTime       sum: 0ns, count: 1, min: 0ns, max: 0ns, avg: 0ns
          totalScanTime                  sum: 2.69s, count: 1, min: 2.69s, max: 2.69s, avg: 2.69s
I20251107 17:16:12.213992 4053638 Communicator.cpp:155] In Communicator::stop  elements_.size(): 0 endpoints_.size(): 1 workQueue_._size(): 0
I20251107 17:16:12.213994 4053669 Communicator.cpp:149] Communicator stopping.
I20251107 17:16:13.438185 4053638 Communicator.cpp:85] Communicator destructed
