I20251107 17:15:48.718915 4053639 HiveConnector.cpp:53] Hive connector test-hive created with maximum of 20000 cached file handles with expiration of 0ms.
I20251107 17:15:48.774014 4053639 1brc_server.cpp:176] reading 8192 MB chunks at once
I20251107 17:15:48.774113 4053639 ParquetConnector.cpp:31] cudf::Parquet connector test-parquet created.
I20251107 17:15:49.865046 4053639 1brc_server.cpp:216] setting output buffer to: 32768 MB
I20251107 17:15:49.865588 4053639 1brc_server.cpp:246] Reading parquet file: file:/gpfs/zc2/data/tpch/tpch-sf1-parquet/one_brc_parquet/measurements.parquet
I20251107 17:15:49.865964 4053639 1brc_server.cpp:277] Starting Reader Task
I20251107 17:15:49.866255 4053639 Task.cpp:1090] initializing OutputBufferManager with 1 partitions and 1 drivers
I20251107 17:15:49.867142 4053639 ToCudf.cpp:72] + CompileState::compile
I20251107 17:15:49.867753 4053639 ToCudf.cpp:427] - CompileState::compile
I20251107 17:15:49.871713 4053672 ParquetDataSource.cpp:255] Adding split Parquet: /gpfs/zc2/data/tpch/tpch-sf1-parquet/one_brc_parquet/measurements.parquet
I20251107 17:15:50.718977 4053670 Communicator.cpp:120] Communicator running with error handling in blocking progress mode
I20251107 17:15:54.590062 4053672 CudfPartitionedOutput.cpp:132] cudf::pack time: 14971 µs
I20251107 17:15:54.590137 4053672 CudfPartitionedOutput.cpp:134] throughput: 687193 MByte/s
I20251107 17:15:54.590162 4053672 CudfPartitionedOutput.cpp:167] complete partitioning and enqueueing time: 15128 µs
I20251107 17:15:55.741367 4053672 CudfPartitionedOutput.cpp:132] cudf::pack time: 12853 µs
I20251107 17:15:55.741425 4053672 CudfPartitionedOutput.cpp:134] throughput: 800607 MByte/s
I20251107 17:15:55.741439 4053672 CudfPartitionedOutput.cpp:167] complete partitioning and enqueueing time: 12961 µs
I20251107 17:15:56.178426 4053672 CudfPartitionedOutput.cpp:132] cudf::pack time: 3996 µs
I20251107 17:15:56.178479 4053672 CudfPartitionedOutput.cpp:134] throughput: 757907 MByte/s
I20251107 17:15:56.178491 4053672 CudfPartitionedOutput.cpp:167] complete partitioning and enqueueing time: 4090 µs
I20251107 17:15:56.179826 4053672 Task.cpp:1377] All drivers (1) finished for task task0 after running for 6.31s
I20251107 17:16:10.209782 4053670 Communicator.cpp:246] Communicator received a connection request from client at address 9.4.249.65:40988
I20251107 17:16:10.409116 4053670 Acceptor.cpp:55] Registered new exchange server task: [ExSrv task0/0 - 0]
I20251107 17:16:10.409307 4053670 CudfExchangeServer.cpp:68] Found data for client: task0/0
I20251107 17:16:10.409534 4053670 CudfExchangeServer.cpp:162] metadata successfully sent to task0/0 with tag: cda0d3c302000000
I20251107 17:16:10.409549 4053670 CudfExchangeServer.cpp:180] Sending rmm::buffer: 0x7fd673c28a10 pointing to device memory: 0x7fdd297dd700 to task task0/0:0 of size 10287967104
I20251107 17:16:11.541529 4053670 CudfExchangeServer.cpp:233] send duration: 1132204 µs
I20251107 17:16:11.541555 4053670 CudfExchangeServer.cpp:234] send bytes transferred: 9811 MBytes
I20251107 17:16:11.541560 4053670 CudfExchangeServer.cpp:235] metadata & data throughput: 9086 MByte/s
I20251107 17:16:11.541563 4053670 CudfExchangeServer.cpp:242] data send duration (micros): 1131977 µs
I20251107 17:16:11.541566 4053670 CudfExchangeServer.cpp:243] data only throughput: 9088 MByte/s
I20251107 17:16:11.541697 4053670 CudfExchangeServer.cpp:247] Releasing dataPtr_ in sendComplete.
I20251107 17:16:11.541709 4053670 CudfExchangeServer.cpp:68] Found data for client: task0/0
I20251107 17:16:11.541781 4053670 CudfExchangeServer.cpp:162] metadata successfully sent to task0/0 with tag: cda0d3c302000001
I20251107 17:16:11.541793 4053670 CudfExchangeServer.cpp:180] Sending rmm::buffer: 0x7fd673c496b0 pointing to device memory: 0x7fd218b4da00 to task task0/0:1 of size 10290202624
I20251107 17:16:12.137583 4053670 CudfExchangeServer.cpp:233] send duration: 595860 µs
I20251107 17:16:12.137598 4053670 CudfExchangeServer.cpp:234] send bytes transferred: 9813 MBytes
I20251107 17:16:12.137606 4053670 CudfExchangeServer.cpp:235] metadata & data throughput: 17269 MByte/s
I20251107 17:16:12.137609 4053670 CudfExchangeServer.cpp:242] data send duration (micros): 595786 µs
I20251107 17:16:12.137612 4053670 CudfExchangeServer.cpp:243] data only throughput: 17271 MByte/s
I20251107 17:16:12.137624 4053670 CudfExchangeServer.cpp:247] Releasing dataPtr_ in sendComplete.
I20251107 17:16:12.137636 4053670 CudfExchangeServer.cpp:68] Found data for client: task0/0
I20251107 17:16:12.137689 4053670 CudfExchangeServer.cpp:162] metadata successfully sent to task0/0 with tag: cda0d3c302000002
I20251107 17:16:12.137696 4053670 CudfExchangeServer.cpp:180] Sending rmm::buffer: 0x7fd673c4a4b0 pointing to device memory: 0x7fd14e000000 to task task0/0:2 of size 3028596992
I20251107 17:16:12.193980 4053670 CudfExchangeServer.cpp:233] send duration: 56334 µs
I20251107 17:16:12.193993 4053670 CudfExchangeServer.cpp:234] send bytes transferred: 2888 MBytes
I20251107 17:16:12.194000 4053670 CudfExchangeServer.cpp:235] metadata & data throughput: 53761 MByte/s
I20251107 17:16:12.194002 4053670 CudfExchangeServer.cpp:242] data send duration (micros): 56282 µs
I20251107 17:16:12.194005 4053670 CudfExchangeServer.cpp:243] data only throughput: 53811 MByte/s
I20251107 17:16:12.194012 4053670 CudfExchangeServer.cpp:247] Releasing dataPtr_ in sendComplete.
I20251107 17:16:12.194023 4053670 CudfExchangeServer.cpp:68] Found data for client: task0/0
I20251107 17:16:12.194032 4053670 CudfExchangeServer.cpp:141] Final exchange for task0/0
I20251107 17:16:12.194068 4053670 CudfExchangeServer.cpp:162] metadata successfully sent to task0/0 with tag: cda0d3c302000003
I20251107 17:16:12.194079 4053670 CudfExchangeServer.cpp:201] Finished transferring partition for task task0/0
I20251107 17:16:12.194085 4053670 CudfExchangeServer.cpp:209] total exchange duration: 1784763 µs
I20251107 17:16:12.194089 4053670 CudfExchangeServer.cpp:210] total amount of bytes transferred: 22513 MBytes
I20251107 17:16:12.194092 4053670 CudfExchangeServer.cpp:211] total throughput: 13226 MByte/s
I20251107 17:16:12.194095 4053670 CudfExchangeServer.cpp:212]
StateTransitionMetrics:
  Total transitions recorded: 15

  Statistics:
  Created -> ReadyToTransfer:
    Count: 1
    Total duration: 155 µs
    Average duration: 155 µs
    Min duration: 155 µs
    Max duration: 155 µs
    Total bytes: 0
    Average bytes: 0
    Min bytes: 0
    Max bytes: 0
    Individual transitions:
      Index, Duration µs, Bytes, Throughput MB/s
      0, 155, 0
  DataReady -> WaitingForSendComplete:
    Count: 3
    Total duration: 417 µs
    Average duration: 139 µs
    Min duration: 65 µs
    Max duration: 266 µs
    Total bytes: 23606766720
    Average bytes: 7.86892e+09
    Min bytes: 3028596992
    Max bytes: 10290202624
    Overall throughput: 5.39884e+07 MB/s
    Average throughput: 5.39884e+07 MB/s
    Individual transitions:
      Index, Duration µs, Bytes, Throughput MB/s
      0, 266, 10287967104, 3.68848e+07
      1, 86, 10290202624, 1.1411e+08
      2, 65, 3028596992, 4.44353e+07
  ReadyToTransfer -> WaitingForDataFromQueue:
    Count: 4
    Total duration: 24 µs
    Average duration: 6 µs
    Min duration: 2 µs
    Max duration: 13 µs
    Total bytes: 0
    Average bytes: 0
    Min bytes: 0
    Max bytes: 0
    Individual transitions:
      Index, Duration µs, Bytes, Throughput MB/s
      0, 13, 0
      1, 5, 0
      2, 4, 0
      3, 2, 0
  WaitingForDataFromQueue -> DataReady:
    Count: 4
    Total duration: 72 µs
    Average duration: 18 µs
    Min duration: 5 µs
    Max duration: 55 µs
    Total bytes: 0
    Average bytes: 0
    Min bytes: 0
    Max bytes: 0
    Individual transitions:
      Index, Duration µs, Bytes, Throughput MB/s
      0, 55, 0
      1, 7, 0
      2, 5, 0
      3, 5, 0
  WaitingForSendComplete -> ReadyToTransfer:
    Count: 3
    Total duration: 1784259 µs
    Average duration: 594753 µs
    Min duration: 56313 µs
    Max duration: 1132117 µs
    Total bytes: 23606766720
    Average bytes: 7.86892e+09
    Min bytes: 3028596992
    Max bytes: 10290202624
    Overall throughput: 12617.7 MB/s
    Average throughput: 12617.7 MB/s
    Individual transitions:
      Index, Duration µs, Bytes, Throughput MB/s
      0, 1132117, 10287967104, 8666.39
      1, 595829, 10290202624, 16470.3
      2, 56313, 3028596992, 51290
I20251107 17:16:12.194511 4053670 Task.cpp:2428] Terminating task task0 with state Finished after running for 22.33s
I20251107 17:16:12.194706 4053639 1brc_server.cpp:280] reader task done.
I20251107 17:16:12.194965 4053670 CudfExchangeServer.cpp:107] Close CudfExchangeServer to remote task0/0
I20251107 17:16:12.194761 4053639 1brc_server.cpp:282] -- PartitionedOutput[2][SINGLE CompactRow] -> station_name:VARCHAR, measurement:DOUBLE
   Output: 1000000000 rows (21.99GB, 3 batches), Cpu time: 32.10ms, Wall time: 32.26ms, Blocked wall time: 0ns, Peak memory: 0B, Memory allocations: 0, Threads: 1, CPU breakdown: B/I/O/F (27.66us/32.06ms/4.48us/4.19us)
      queuedWallNanos              sum: 3.59ms, count: 1, min: 3.59ms, max: 3.59ms, avg: 3.59ms
      runningAddInputWallNanos     sum: 32.21ms, count: 1, min: 32.21ms, max: 32.21ms, avg: 32.21ms
      runningFinishWallNanos       sum: 5.87us, count: 1, min: 5.87us, max: 5.87us, avg: 5.87us
      runningGetOutputWallNanos    sum: 6.01us, count: 1, min: 6.01us, max: 6.01us, avg: 6.01us
  -- Project[1][expressions: (station_name:VARCHAR, ROW["station_name"]), (measurement:DOUBLE, ROW["measurement"])] -> station_name:VARCHAR, measurement:DOUBLE
     Output: 1000000000 rows (21.99GB, 3 batches), Cpu time: 169.33us, Wall time: 183.89us, Blocked wall time: 0ns, Peak memory: 0B, Memory allocations: 0, Threads: 1, CPU breakdown: B/I/O/F (9.80us/17.77us/139.45us/2.31us)
        runningAddInputWallNanos     sum: 18.65us, count: 1, min: 18.65us, max: 18.65us, avg: 18.65us
        runningFinishWallNanos       sum: 3.75us, count: 1, min: 3.75us, max: 3.75us, avg: 3.75us
        runningGetOutputWallNanos    sum: 147.50us, count: 1, min: 147.50us, max: 147.50us, avg: 147.50us
    -- TableScan[0][table: hive_table] -> station_name:VARCHAR, measurement:DOUBLE
       Input: 1000000000 rows (21.99GB, 3 batches), Output: 1000000000 rows (21.99GB, 3 batches), Cpu time: 5.12s, Wall time: 6.28s, Blocked wall time: 0ns, Peak memory: 0B, Memory allocations: 0, Threads: 1, Splits: 1, CPU breakdown: B/I/O/F (14.43us/0ns/5.12s/560ns)
          connectorSplitSize             sum: 0, count: 1, min: 0, max: 0, avg: 0
          dataSourceAddSplitWallNanos    sum: 795.09ms, count: 1, min: 795.09ms, max: 795.09ms, avg: 795.09ms
          dataSourceReadWallNanos        sum: 5.48s, count: 4, min: 1.15ms, max: 3.91s, avg: 1.37s
          runningAddInputWallNanos       sum: 0ns, count: 1, min: 0ns, max: 0ns, avg: 0ns
          runningFinishWallNanos         sum: 800ns, count: 1, min: 800ns, max: 800ns, avg: 800ns
          runningGetOutputWallNanos      sum: 6.28s, count: 1, min: 6.28s, max: 6.28s, avg: 6.28s
          totalRemainingFilterTime       sum: 0ns, count: 1, min: 0ns, max: 0ns, avg: 0ns
          totalScanTime                  sum: 2.70s, count: 1, min: 2.70s, max: 2.70s, avg: 2.70s
I20251107 17:16:12.195911 4053670 Communicator.cpp:149] Communicator stopping.
I20251107 17:16:12.195911 4053639 Communicator.cpp:155] In Communicator::stop  elements_.size(): 0 endpoints_.size(): 1 workQueue_._size(): 0
I20251107 17:16:12.353123 4053639 Communicator.cpp:85] Communicator destructed
