I20251107 16:33:04.183431 4011158 HiveConnector.cpp:53] Hive connector test-hive created with maximum of 20000 cached file handles with expiration of 0ms.
I20251107 16:33:04.481856 4011158 1brc_client.cpp:180] Going to write to: /tmp/velox_test_vqpb9U
I20251107 16:33:05.208506 4011180 Communicator.cpp:120] Communicator running with error handling in blocking progress mode
I20251107 16:33:05.208585 4011158 1brc_client.cpp:233] Adding split: http://sally:24356/v1/task/task0/results/0
I20251107 16:33:05.208683 4011158 1brc_client.cpp:239] Starting tasks
I20251107 16:33:05.209112 4011158 ToCudf.cpp:72] + CompileState::compile
I20251107 16:33:05.209688 4011158 ToCudf.cpp:427] - CompileState::compile
I20251107 16:33:05.209741 4011158 ToCudf.cpp:72] + CompileState::compile
I20251107 16:33:05.210290 4011158 ToCudf.cpp:427] - CompileState::compile
I20251107 16:33:05.211966 4011195 ExchangeClientFacade.cpp:93] Activating Cudf exchange client for remote task id: http://sally:24356/v1/task/task0/results/0
I20251107 16:33:05.212018 4011195 CudfExchangeSource.cpp:53]  Creating CudfExchangeSource http://sally:24356/v1/task/task0/results/0
I20251107 16:33:05.212095 4011195 CudfExchangeClient.cpp:43] Added remote split for task: http://sally:24356/v1/task/task0/results/0
I20251107 16:33:05.212100 4011195 CudfExchangeClient.cpp:54] CudfExchangeClient::noMoreRemoteTasks called.
I20251107 16:33:05.212121 4011195 CudfExchangeClient.cpp:108] CudfExchangeClient::next called for task local:://processor-0
I20251107 16:33:05.214546 4011180 CudfExchangeSource.cpp:233] [ExchangeSource task0/0(0)] Sending handshake with initial value: task0/0 to server
I20251107 16:33:05.414844 4011180 CudfExchangeSource.cpp:268] [ExchangeSource task0/0(0)]+ onHandshake Success
I20251107 16:33:05.414908 4011180 CudfExchangeSource.cpp:282] [ExchangeSource task0/0(0)] waiting for metadata for chunk: 0 using tag: cda0d3c302000000
I20251107 16:33:05.416414 4011180 CudfExchangeSource.cpp:303] + onMetadata Success
I20251107 16:33:05.416427 4011180 CudfExchangeSource.cpp:329] Datasize bytes == 536777088
I20251107 16:33:05.416947 4011180 CudfExchangeSource.cpp:362] Allocated 536777088 bytes of device memory
I20251107 16:33:05.416957 4011180 CudfExchangeSource.cpp:367] [ExchangeSource task0/0(0)] waiting for data for chunk: 0 using tag: cda0d3c303000000
I20251107 16:33:05.987545 4011180 CudfExchangeSource.cpp:394] + onData Success
I20251107 16:33:05.987576 4011180 CudfExchangeSource.cpp:407] [ExchangeSource task0/0(0)]+ onData Success got chunk: 0
I20251107 16:33:05.987931 4011195 CudfExchangeClient.cpp:108] CudfExchangeClient::next called for task local:://processor-0
I20251107 16:33:05.987955 4011180 CudfExchangeSource.cpp:282] [ExchangeSource task0/0(0)] waiting for metadata for chunk: 1 using tag: cda0d3c302000001
I20251107 16:33:05.987988 4011180 CudfExchangeSource.cpp:303] + onMetadata Success
I20251107 16:33:05.987993 4011180 CudfExchangeSource.cpp:329] Datasize bytes == 536691456
I20251107 16:33:05.988032 4011180 CudfExchangeSource.cpp:362] Allocated 536691456 bytes of device memory
I20251107 16:33:05.988036 4011180 CudfExchangeSource.cpp:367] [ExchangeSource task0/0(0)] waiting for data for chunk: 1 using tag: cda0d3c303000001
I20251107 16:33:06.015447 4011180 CudfExchangeSource.cpp:394] + onData Success
I20251107 16:33:06.015461 4011180 CudfExchangeSource.cpp:407] [ExchangeSource task0/0(0)]+ onData Success got chunk: 1
I20251107 16:33:06.015503 4011180 CudfExchangeSource.cpp:282] [ExchangeSource task0/0(0)] waiting for metadata for chunk: 2 using tag: cda0d3c302000002
I20251107 16:33:06.015523 4011180 CudfExchangeSource.cpp:303] + onMetadata Success
I20251107 16:33:06.015528 4011180 CudfExchangeSource.cpp:329] Datasize bytes == 536857856
I20251107 16:33:06.015547 4011180 CudfExchangeSource.cpp:362] Allocated 536857856 bytes of device memory
I20251107 16:33:06.015551 4011180 CudfExchangeSource.cpp:367] [ExchangeSource task0/0(0)] waiting for data for chunk: 2 using tag: cda0d3c303000002
I20251107 16:33:06.019042 4011180 CudfExchangeSource.cpp:394] + onData Success
I20251107 16:33:06.019055 4011180 CudfExchangeSource.cpp:407] [ExchangeSource task0/0(0)]+ onData Success got chunk: 2
I20251107 16:33:06.019093 4011180 CudfExchangeSource.cpp:282] [ExchangeSource task0/0(0)] waiting for metadata for chunk: 3 using tag: cda0d3c302000003
I20251107 16:33:06.019115 4011180 CudfExchangeSource.cpp:303] + onMetadata Success
I20251107 16:33:06.019121 4011180 CudfExchangeSource.cpp:329] Datasize bytes == 536728640
I20251107 16:33:06.019136 4011180 CudfExchangeSource.cpp:362] Allocated 536728640 bytes of device memory
I20251107 16:33:06.019140 4011180 CudfExchangeSource.cpp:367] [ExchangeSource task0/0(0)] waiting for data for chunk: 3 using tag: cda0d3c303000003
I20251107 16:33:06.022176 4011180 CudfExchangeSource.cpp:394] + onData Success
I20251107 16:33:06.022187 4011180 CudfExchangeSource.cpp:407] [ExchangeSource task0/0(0)]+ onData Success got chunk: 3
I20251107 16:33:06.022214 4011180 CudfExchangeSource.cpp:282] [ExchangeSource task0/0(0)] waiting for metadata for chunk: 4 using tag: cda0d3c302000004
I20251107 16:33:06.022286 4011180 CudfExchangeSource.cpp:303] + onMetadata Success
I20251107 16:33:06.022295 4011180 CudfExchangeSource.cpp:329] Datasize bytes == 536696064
I20251107 16:33:06.022475 4011180 CudfExchangeSource.cpp:362] Allocated 536696064 bytes of device memory
I20251107 16:33:06.022481 4011180 CudfExchangeSource.cpp:367] [ExchangeSource task0/0(0)] waiting for data for chunk: 4 using tag: cda0d3c303000004
I20251107 16:33:06.025265 4011180 CudfExchangeSource.cpp:394] + onData Success
I20251107 16:33:06.025275 4011180 CudfExchangeSource.cpp:407] [ExchangeSource task0/0(0)]+ onData Success got chunk: 4
I20251107 16:33:06.025300 4011180 CudfExchangeSource.cpp:282] [ExchangeSource task0/0(0)] waiting for metadata for chunk: 5 using tag: cda0d3c302000005
I20251107 16:33:06.025336 4011180 CudfExchangeSource.cpp:303] + onMetadata Success
I20251107 16:33:06.025343 4011180 CudfExchangeSource.cpp:329] Datasize bytes == 536804992
I20251107 16:33:06.033530 4011180 CudfExchangeSource.cpp:362] Allocated 536804992 bytes of device memory
I20251107 16:33:06.033538 4011180 CudfExchangeSource.cpp:367] [ExchangeSource task0/0(0)] waiting for data for chunk: 5 using tag: cda0d3c303000005
I20251107 16:33:06.036588 4011180 CudfExchangeSource.cpp:394] + onData Success
I20251107 16:33:06.036599 4011180 CudfExchangeSource.cpp:407] [ExchangeSource task0/0(0)]+ onData Success got chunk: 5
I20251107 16:33:06.036652 4011180 CudfExchangeSource.cpp:282] [ExchangeSource task0/0(0)] waiting for metadata for chunk: 6 using tag: cda0d3c302000006
I20251107 16:33:06.036672 4011180 CudfExchangeSource.cpp:303] + onMetadata Success
I20251107 16:33:06.036680 4011180 CudfExchangeSource.cpp:329] Datasize bytes == 536704192
I20251107 16:33:06.036693 4011180 CudfExchangeSource.cpp:362] Allocated 536704192 bytes of device memory
I20251107 16:33:06.036697 4011180 CudfExchangeSource.cpp:367] [ExchangeSource task0/0(0)] waiting for data for chunk: 6 using tag: cda0d3c303000006
I20251107 16:33:06.039858 4011180 CudfExchangeSource.cpp:394] + onData Success
I20251107 16:33:06.039870 4011180 CudfExchangeSource.cpp:407] [ExchangeSource task0/0(0)]+ onData Success got chunk: 6
I20251107 16:33:06.039896 4011180 CudfExchangeSource.cpp:282] [ExchangeSource task0/0(0)] waiting for metadata for chunk: 7 using tag: cda0d3c302000007
I20251107 16:33:06.039921 4011180 CudfExchangeSource.cpp:303] + onMetadata Success
I20251107 16:33:06.039932 4011180 CudfExchangeSource.cpp:329] Datasize bytes == 536676544
I20251107 16:33:06.039949 4011180 CudfExchangeSource.cpp:362] Allocated 536676544 bytes of device memory
I20251107 16:33:06.039954 4011180 CudfExchangeSource.cpp:367] [ExchangeSource task0/0(0)] waiting for data for chunk: 7 using tag: cda0d3c303000007
I20251107 16:33:06.045221 4011180 CudfExchangeSource.cpp:394] + onData Success
I20251107 16:33:06.045233 4011180 CudfExchangeSource.cpp:407] [ExchangeSource task0/0(0)]+ onData Success got chunk: 7
I20251107 16:33:06.045286 4011180 CudfExchangeSource.cpp:282] [ExchangeSource task0/0(0)] waiting for metadata for chunk: 8 using tag: cda0d3c302000008
I20251107 16:33:06.045655 4011180 CudfExchangeSource.cpp:303] + onMetadata Success
I20251107 16:33:06.045666 4011180 CudfExchangeSource.cpp:329] Datasize bytes == 536737280
I20251107 16:33:06.105247 4011180 CudfExchangeSource.cpp:362] Allocated 536737280 bytes of device memory
I20251107 16:33:06.105269 4011180 CudfExchangeSource.cpp:367] [ExchangeSource task0/0(0)] waiting for data for chunk: 8 using tag: cda0d3c303000008
I20251107 16:33:06.107945 4011180 CudfExchangeSource.cpp:394] + onData Success
I20251107 16:33:06.107955 4011180 CudfExchangeSource.cpp:407] [ExchangeSource task0/0(0)]+ onData Success got chunk: 8
I20251107 16:33:06.107971 4011180 CudfExchangeSource.cpp:282] [ExchangeSource task0/0(0)] waiting for metadata for chunk: 9 using tag: cda0d3c302000009
I20251107 16:33:06.108012 4011180 CudfExchangeSource.cpp:303] + onMetadata Success
I20251107 16:33:06.108018 4011180 CudfExchangeSource.cpp:329] Datasize bytes == 536724736
I20251107 16:33:06.109469 4011180 CudfExchangeSource.cpp:362] Allocated 536724736 bytes of device memory
I20251107 16:33:06.109483 4011180 CudfExchangeSource.cpp:367] [ExchangeSource task0/0(0)] waiting for data for chunk: 9 using tag: cda0d3c303000009
I20251107 16:33:06.112828 4011180 CudfExchangeSource.cpp:394] + onData Success
I20251107 16:33:06.112843 4011180 CudfExchangeSource.cpp:407] [ExchangeSource task0/0(0)]+ onData Success got chunk: 9
I20251107 16:33:06.112893 4011180 CudfExchangeSource.cpp:282] [ExchangeSource task0/0(0)] waiting for metadata for chunk: 10 using tag: cda0d3c30200000a
I20251107 16:33:06.112915 4011180 CudfExchangeSource.cpp:303] + onMetadata Success
I20251107 16:33:06.112919 4011180 CudfExchangeSource.cpp:329] Datasize bytes == 536619712
I20251107 16:33:06.112936 4011180 CudfExchangeSource.cpp:362] Allocated 536619712 bytes of device memory
I20251107 16:33:06.112939 4011180 CudfExchangeSource.cpp:367] [ExchangeSource task0/0(0)] waiting for data for chunk: 10 using tag: cda0d3c30300000a
I20251107 16:33:06.115521 4011180 CudfExchangeSource.cpp:394] + onData Success
I20251107 16:33:06.115532 4011180 CudfExchangeSource.cpp:407] [ExchangeSource task0/0(0)]+ onData Success got chunk: 10
I20251107 16:33:06.115550 4011180 CudfExchangeSource.cpp:282] [ExchangeSource task0/0(0)] waiting for metadata for chunk: 11 using tag: cda0d3c30200000b
I20251107 16:33:06.115581 4011180 CudfExchangeSource.cpp:303] + onMetadata Success
I20251107 16:33:06.115587 4011180 CudfExchangeSource.cpp:329] Datasize bytes == 536691456
I20251107 16:33:06.122682 4011180 CudfExchangeSource.cpp:362] Allocated 536691456 bytes of device memory
I20251107 16:33:06.122689 4011180 CudfExchangeSource.cpp:367] [ExchangeSource task0/0(0)] waiting for data for chunk: 11 using tag: cda0d3c30300000b
I20251107 16:33:06.122766 4011195 CudfExchangeClient.cpp:108] CudfExchangeClient::next called for task local:://processor-0
I20251107 16:33:06.175792 4011180 CudfExchangeSource.cpp:394] + onData Success
I20251107 16:33:06.175815 4011180 CudfExchangeSource.cpp:407] [ExchangeSource task0/0(0)]+ onData Success got chunk: 11
I20251107 16:33:06.175940 4011180 CudfExchangeSource.cpp:282] [ExchangeSource task0/0(0)] waiting for metadata for chunk: 12 using tag: cda0d3c30200000c
I20251107 16:33:06.175972 4011180 CudfExchangeSource.cpp:303] + onMetadata Success
I20251107 16:33:06.175980 4011180 CudfExchangeSource.cpp:329] Datasize bytes == 536844544
I20251107 16:33:06.176009 4011180 CudfExchangeSource.cpp:362] Allocated 536844544 bytes of device memory
I20251107 16:33:06.176016 4011180 CudfExchangeSource.cpp:367] [ExchangeSource task0/0(0)] waiting for data for chunk: 12 using tag: cda0d3c30300000c
I20251107 16:33:06.178560 4011180 CudfExchangeSource.cpp:394] + onData Success
I20251107 16:33:06.178570 4011180 CudfExchangeSource.cpp:407] [ExchangeSource task0/0(0)]+ onData Success got chunk: 12
I20251107 16:33:06.178584 4011180 CudfExchangeSource.cpp:282] [ExchangeSource task0/0(0)] waiting for metadata for chunk: 13 using tag: cda0d3c30200000d
I20251107 16:33:06.178624 4011180 CudfExchangeSource.cpp:303] + onMetadata Success
I20251107 16:33:06.178630 4011180 CudfExchangeSource.cpp:329] Datasize bytes == 536827008
I20251107 16:33:06.181828 4011180 CudfExchangeSource.cpp:362] Allocated 536827008 bytes of device memory
I20251107 16:33:06.181835 4011180 CudfExchangeSource.cpp:367] [ExchangeSource task0/0(0)] waiting for data for chunk: 13 using tag: cda0d3c30300000d
I20251107 16:33:06.184907 4011180 CudfExchangeSource.cpp:394] + onData Success
I20251107 16:33:06.184917 4011180 CudfExchangeSource.cpp:407] [ExchangeSource task0/0(0)]+ onData Success got chunk: 13
I20251107 16:33:06.184999 4011180 CudfExchangeSource.cpp:282] [ExchangeSource task0/0(0)] waiting for metadata for chunk: 14 using tag: cda0d3c30200000e
I20251107 16:33:06.185027 4011180 CudfExchangeSource.cpp:303] + onMetadata Success
I20251107 16:33:06.185035 4011180 CudfExchangeSource.cpp:329] Datasize bytes == 536768832
I20251107 16:33:06.185052 4011180 CudfExchangeSource.cpp:362] Allocated 536768832 bytes of device memory
I20251107 16:33:06.185056 4011180 CudfExchangeSource.cpp:367] [ExchangeSource task0/0(0)] waiting for data for chunk: 14 using tag: cda0d3c30300000e
I20251107 16:33:06.187837 4011180 CudfExchangeSource.cpp:394] + onData Success
I20251107 16:33:06.187847 4011180 CudfExchangeSource.cpp:407] [ExchangeSource task0/0(0)]+ onData Success got chunk: 14
I20251107 16:33:06.187867 4011180 CudfExchangeSource.cpp:282] [ExchangeSource task0/0(0)] waiting for metadata for chunk: 15 using tag: cda0d3c30200000f
I20251107 16:33:06.187901 4011180 CudfExchangeSource.cpp:303] + onMetadata Success
I20251107 16:33:06.187907 4011180 CudfExchangeSource.cpp:329] Datasize bytes == 536777920
I20251107 16:33:06.187927 4011180 CudfExchangeSource.cpp:362] Allocated 536777920 bytes of device memory
I20251107 16:33:06.187932 4011180 CudfExchangeSource.cpp:367] [ExchangeSource task0/0(0)] waiting for data for chunk: 15 using tag: cda0d3c30300000f
I20251107 16:33:06.190465 4011180 CudfExchangeSource.cpp:394] + onData Success
I20251107 16:33:06.190476 4011180 CudfExchangeSource.cpp:407] [ExchangeSource task0/0(0)]+ onData Success got chunk: 15
I20251107 16:33:06.190498 4011180 CudfExchangeSource.cpp:282] [ExchangeSource task0/0(0)] waiting for metadata for chunk: 16 using tag: cda0d3c302000010
I20251107 16:33:06.190526 4011180 CudfExchangeSource.cpp:303] + onMetadata Success
I20251107 16:33:06.190536 4011180 CudfExchangeSource.cpp:329] Datasize bytes == 536642560
I20251107 16:33:06.190553 4011180 CudfExchangeSource.cpp:362] Allocated 536642560 bytes of device memory
I20251107 16:33:06.190557 4011180 CudfExchangeSource.cpp:367] [ExchangeSource task0/0(0)] waiting for data for chunk: 16 using tag: cda0d3c303000010
I20251107 16:33:06.190871 4011195 CudfExchangeClient.cpp:108] CudfExchangeClient::next called for task local:://processor-0
I20251107 16:33:06.237254 4011180 CudfExchangeSource.cpp:394] + onData Success
I20251107 16:33:06.237272 4011180 CudfExchangeSource.cpp:407] [ExchangeSource task0/0(0)]+ onData Success got chunk: 16
I20251107 16:33:06.237324 4011180 CudfExchangeSource.cpp:282] [ExchangeSource task0/0(0)] waiting for metadata for chunk: 17 using tag: cda0d3c302000011
I20251107 16:33:06.237353 4011180 CudfExchangeSource.cpp:303] + onMetadata Success
I20251107 16:33:06.237360 4011180 CudfExchangeSource.cpp:329] Datasize bytes == 536614720
I20251107 16:33:06.237393 4011180 CudfExchangeSource.cpp:362] Allocated 536614720 bytes of device memory
I20251107 16:33:06.237398 4011180 CudfExchangeSource.cpp:367] [ExchangeSource task0/0(0)] waiting for data for chunk: 17 using tag: cda0d3c303000011
I20251107 16:33:06.238476 4011195 CudfExchangeClient.cpp:108] CudfExchangeClient::next called for task local:://processor-0
I20251107 16:33:06.240269 4011180 CudfExchangeSource.cpp:394] + onData Success
I20251107 16:33:06.240280 4011180 CudfExchangeSource.cpp:407] [ExchangeSource task0/0(0)]+ onData Success got chunk: 17
I20251107 16:33:06.240293 4011180 CudfExchangeSource.cpp:282] [ExchangeSource task0/0(0)] waiting for metadata for chunk: 18 using tag: cda0d3c302000012
I20251107 16:33:06.240338 4011180 CudfExchangeSource.cpp:303] + onMetadata Success
I20251107 16:33:06.240345 4011180 CudfExchangeSource.cpp:329] Datasize bytes == 536852736
I20251107 16:33:06.288942 4011180 CudfExchangeSource.cpp:362] Allocated 536852736 bytes of device memory
I20251107 16:33:06.288966 4011180 CudfExchangeSource.cpp:367] [ExchangeSource task0/0(0)] waiting for data for chunk: 18 using tag: cda0d3c303000012
I20251107 16:33:06.290302 4011195 CudfExchangeClient.cpp:108] CudfExchangeClient::next called for task local:://processor-0
I20251107 16:33:06.291780 4011180 CudfExchangeSource.cpp:394] + onData Success
I20251107 16:33:06.291792 4011180 CudfExchangeSource.cpp:407] [ExchangeSource task0/0(0)]+ onData Success got chunk: 18
I20251107 16:33:06.291810 4011180 CudfExchangeSource.cpp:282] [ExchangeSource task0/0(0)] waiting for metadata for chunk: 19 using tag: cda0d3c302000013
I20251107 16:33:06.291860 4011180 CudfExchangeSource.cpp:303] + onMetadata Success
I20251107 16:33:06.291867 4011180 CudfExchangeSource.cpp:329] Datasize bytes == 536780608
I20251107 16:33:06.291883 4011180 CudfExchangeSource.cpp:362] Allocated 536780608 bytes of device memory
I20251107 16:33:06.291887 4011180 CudfExchangeSource.cpp:367] [ExchangeSource task0/0(0)] waiting for data for chunk: 19 using tag: cda0d3c303000013
I20251107 16:33:06.340126 4011180 CudfExchangeSource.cpp:394] + onData Success
I20251107 16:33:06.340150 4011180 CudfExchangeSource.cpp:407] [ExchangeSource task0/0(0)]+ onData Success got chunk: 19
I20251107 16:33:06.340210 4011180 CudfExchangeSource.cpp:282] [ExchangeSource task0/0(0)] waiting for metadata for chunk: 20 using tag: cda0d3c302000014
I20251107 16:33:06.340245 4011180 CudfExchangeSource.cpp:303] + onMetadata Success
I20251107 16:33:06.340255 4011180 CudfExchangeSource.cpp:329] Datasize bytes == 536653504
I20251107 16:33:06.340286 4011180 CudfExchangeSource.cpp:362] Allocated 536653504 bytes of device memory
I20251107 16:33:06.340293 4011180 CudfExchangeSource.cpp:367] [ExchangeSource task0/0(0)] waiting for data for chunk: 20 using tag: cda0d3c303000014
I20251107 16:33:06.341424 4011195 CudfExchangeClient.cpp:108] CudfExchangeClient::next called for task local:://processor-0
I20251107 16:33:06.343201 4011180 CudfExchangeSource.cpp:394] + onData Success
I20251107 16:33:06.343212 4011180 CudfExchangeSource.cpp:407] [ExchangeSource task0/0(0)]+ onData Success got chunk: 20
I20251107 16:33:06.343228 4011180 CudfExchangeSource.cpp:282] [ExchangeSource task0/0(0)] waiting for metadata for chunk: 21 using tag: cda0d3c302000015
I20251107 16:33:06.343266 4011180 CudfExchangeSource.cpp:303] + onMetadata Success
I20251107 16:33:06.343271 4011180 CudfExchangeSource.cpp:329] Datasize bytes == 536689920
I20251107 16:33:06.393554 4011180 CudfExchangeSource.cpp:362] Allocated 536689920 bytes of device memory
I20251107 16:33:06.393572 4011180 CudfExchangeSource.cpp:367] [ExchangeSource task0/0(0)] waiting for data for chunk: 21 using tag: cda0d3c303000015
I20251107 16:33:06.394872 4011195 CudfExchangeClient.cpp:108] CudfExchangeClient::next called for task local:://processor-0
I20251107 16:33:06.396329 4011180 CudfExchangeSource.cpp:394] + onData Success
I20251107 16:33:06.396342 4011180 CudfExchangeSource.cpp:407] [ExchangeSource task0/0(0)]+ onData Success got chunk: 21
I20251107 16:33:06.396358 4011180 CudfExchangeSource.cpp:282] [ExchangeSource task0/0(0)] waiting for metadata for chunk: 22 using tag: cda0d3c302000016
I20251107 16:33:06.396422 4011180 CudfExchangeSource.cpp:303] + onMetadata Success
I20251107 16:33:06.396430 4011180 CudfExchangeSource.cpp:329] Datasize bytes == 536657344
I20251107 16:33:06.396452 4011180 CudfExchangeSource.cpp:362] Allocated 536657344 bytes of device memory
I20251107 16:33:06.396458 4011180 CudfExchangeSource.cpp:367] [ExchangeSource task0/0(0)] waiting for data for chunk: 22 using tag: cda0d3c303000016
I20251107 16:33:06.452425 4011180 CudfExchangeSource.cpp:394] + onData Success
I20251107 16:33:06.452442 4011180 CudfExchangeSource.cpp:407] [ExchangeSource task0/0(0)]+ onData Success got chunk: 22
I20251107 16:33:06.452488 4011180 CudfExchangeSource.cpp:282] [ExchangeSource task0/0(0)] waiting for metadata for chunk: 23 using tag: cda0d3c302000017
I20251107 16:33:06.452522 4011180 CudfExchangeSource.cpp:303] + onMetadata Success
I20251107 16:33:06.452528 4011180 CudfExchangeSource.cpp:329] Datasize bytes == 536582720
I20251107 16:33:06.452543 4011180 CudfExchangeSource.cpp:362] Allocated 536582720 bytes of device memory
I20251107 16:33:06.452546 4011180 CudfExchangeSource.cpp:367] [ExchangeSource task0/0(0)] waiting for data for chunk: 23 using tag: cda0d3c303000017
I20251107 16:33:06.453631 4011195 CudfExchangeClient.cpp:108] CudfExchangeClient::next called for task local:://processor-0
I20251107 16:33:06.455432 4011180 CudfExchangeSource.cpp:394] + onData Success
I20251107 16:33:06.455446 4011180 CudfExchangeSource.cpp:407] [ExchangeSource task0/0(0)]+ onData Success got chunk: 23
I20251107 16:33:06.455457 4011180 CudfExchangeSource.cpp:282] [ExchangeSource task0/0(0)] waiting for metadata for chunk: 24 using tag: cda0d3c302000018
I20251107 16:33:06.455494 4011180 CudfExchangeSource.cpp:303] + onMetadata Success
I20251107 16:33:06.455500 4011180 CudfExchangeSource.cpp:329] Datasize bytes == 536655936
I20251107 16:33:06.455511 4011180 CudfExchangeSource.cpp:362] Allocated 536655936 bytes of device memory
I20251107 16:33:06.455514 4011180 CudfExchangeSource.cpp:367] [ExchangeSource task0/0(0)] waiting for data for chunk: 24 using tag: cda0d3c303000018
I20251107 16:33:06.508023 4011180 CudfExchangeSource.cpp:394] + onData Success
I20251107 16:33:06.508046 4011180 CudfExchangeSource.cpp:407] [ExchangeSource task0/0(0)]+ onData Success got chunk: 24
I20251107 16:33:06.508081 4011180 CudfExchangeSource.cpp:282] [ExchangeSource task0/0(0)] waiting for metadata for chunk: 25 using tag: cda0d3c302000019
I20251107 16:33:06.508113 4011180 CudfExchangeSource.cpp:303] + onMetadata Success
I20251107 16:33:06.508122 4011180 CudfExchangeSource.cpp:329] Datasize bytes == 536780160
I20251107 16:33:06.508143 4011180 CudfExchangeSource.cpp:362] Allocated 536780160 bytes of device memory
I20251107 16:33:06.508149 4011180 CudfExchangeSource.cpp:367] [ExchangeSource task0/0(0)] waiting for data for chunk: 25 using tag: cda0d3c303000019
I20251107 16:33:06.509186 4011195 CudfExchangeClient.cpp:108] CudfExchangeClient::next called for task local:://processor-0
I20251107 16:33:06.556489 4011180 CudfExchangeSource.cpp:394] + onData Success
I20251107 16:33:06.556507 4011180 CudfExchangeSource.cpp:407] [ExchangeSource task0/0(0)]+ onData Success got chunk: 25
I20251107 16:33:06.556568 4011180 CudfExchangeSource.cpp:282] [ExchangeSource task0/0(0)] waiting for metadata for chunk: 26 using tag: cda0d3c30200001a
I20251107 16:33:06.556613 4011180 CudfExchangeSource.cpp:303] + onMetadata Success
I20251107 16:33:06.556622 4011180 CudfExchangeSource.cpp:329] Datasize bytes == 536698496
I20251107 16:33:06.556639 4011180 CudfExchangeSource.cpp:362] Allocated 536698496 bytes of device memory
I20251107 16:33:06.556645 4011180 CudfExchangeSource.cpp:367] [ExchangeSource task0/0(0)] waiting for data for chunk: 26 using tag: cda0d3c30300001a
I20251107 16:33:06.557710 4011195 CudfExchangeClient.cpp:108] CudfExchangeClient::next called for task local:://processor-0
I20251107 16:33:06.607139 4011180 CudfExchangeSource.cpp:394] + onData Success
I20251107 16:33:06.607167 4011180 CudfExchangeSource.cpp:407] [ExchangeSource task0/0(0)]+ onData Success got chunk: 26
I20251107 16:33:06.607242 4011180 CudfExchangeSource.cpp:282] [ExchangeSource task0/0(0)] waiting for metadata for chunk: 27 using tag: cda0d3c30200001b
I20251107 16:33:06.607287 4011180 CudfExchangeSource.cpp:303] + onMetadata Success
I20251107 16:33:06.607297 4011180 CudfExchangeSource.cpp:329] Datasize bytes == 536618624
I20251107 16:33:06.607316 4011180 CudfExchangeSource.cpp:362] Allocated 536618624 bytes of device memory
I20251107 16:33:06.607321 4011180 CudfExchangeSource.cpp:367] [ExchangeSource task0/0(0)] waiting for data for chunk: 27 using tag: cda0d3c30300001b
I20251107 16:33:06.608315 4011195 CudfExchangeClient.cpp:108] CudfExchangeClient::next called for task local:://processor-0
I20251107 16:33:06.666069 4011180 CudfExchangeSource.cpp:394] + onData Success
I20251107 16:33:06.666086 4011180 CudfExchangeSource.cpp:407] [ExchangeSource task0/0(0)]+ onData Success got chunk: 27
I20251107 16:33:06.666152 4011180 CudfExchangeSource.cpp:282] [ExchangeSource task0/0(0)] waiting for metadata for chunk: 28 using tag: cda0d3c30200001c
I20251107 16:33:06.666177 4011180 CudfExchangeSource.cpp:303] + onMetadata Success
I20251107 16:33:06.666183 4011180 CudfExchangeSource.cpp:329] Datasize bytes == 536810688
I20251107 16:33:06.666196 4011180 CudfExchangeSource.cpp:362] Allocated 536810688 bytes of device memory
I20251107 16:33:06.666201 4011180 CudfExchangeSource.cpp:367] [ExchangeSource task0/0(0)] waiting for data for chunk: 28 using tag: cda0d3c30300001c
I20251107 16:33:06.667385 4011195 CudfExchangeClient.cpp:108] CudfExchangeClient::next called for task local:://processor-0
I20251107 16:33:06.669085 4011180 CudfExchangeSource.cpp:394] + onData Success
I20251107 16:33:06.669096 4011180 CudfExchangeSource.cpp:407] [ExchangeSource task0/0(0)]+ onData Success got chunk: 28
I20251107 16:33:06.669111 4011180 CudfExchangeSource.cpp:282] [ExchangeSource task0/0(0)] waiting for metadata for chunk: 29 using tag: cda0d3c30200001d
I20251107 16:33:06.669176 4011180 CudfExchangeSource.cpp:303] + onMetadata Success
I20251107 16:33:06.669183 4011180 CudfExchangeSource.cpp:329] Datasize bytes == 536816576
I20251107 16:33:06.669193 4011180 CudfExchangeSource.cpp:362] Allocated 536816576 bytes of device memory
I20251107 16:33:06.669196 4011180 CudfExchangeSource.cpp:367] [ExchangeSource task0/0(0)] waiting for data for chunk: 29 using tag: cda0d3c30300001d
I20251107 16:33:06.719488 4011195 CudfExchangeClient.cpp:108] CudfExchangeClient::next called for task local:://processor-0
I20251107 16:33:06.720929 4011180 CudfExchangeSource.cpp:394] + onData Success
I20251107 16:33:06.720944 4011180 CudfExchangeSource.cpp:407] [ExchangeSource task0/0(0)]+ onData Success got chunk: 29
I20251107 16:33:06.720963 4011180 CudfExchangeSource.cpp:282] [ExchangeSource task0/0(0)] waiting for metadata for chunk: 30 using tag: cda0d3c30200001e
I20251107 16:33:06.721005 4011180 CudfExchangeSource.cpp:303] + onMetadata Success
I20251107 16:33:06.721012 4011180 CudfExchangeSource.cpp:329] Datasize bytes == 536656064
I20251107 16:33:06.721025 4011180 CudfExchangeSource.cpp:362] Allocated 536656064 bytes of device memory
I20251107 16:33:06.721029 4011180 CudfExchangeSource.cpp:367] [ExchangeSource task0/0(0)] waiting for data for chunk: 30 using tag: cda0d3c30300001e
I20251107 16:33:06.770391 4011180 CudfExchangeSource.cpp:394] + onData Success
I20251107 16:33:06.770409 4011180 CudfExchangeSource.cpp:407] [ExchangeSource task0/0(0)]+ onData Success got chunk: 30
I20251107 16:33:06.770499 4011180 CudfExchangeSource.cpp:282] [ExchangeSource task0/0(0)] waiting for metadata for chunk: 31 using tag: cda0d3c30200001f
I20251107 16:33:06.770526 4011180 CudfExchangeSource.cpp:303] + onMetadata Success
I20251107 16:33:06.770532 4011180 CudfExchangeSource.cpp:329] Datasize bytes == 536784768
I20251107 16:33:06.770546 4011180 CudfExchangeSource.cpp:362] Allocated 536784768 bytes of device memory
I20251107 16:33:06.770550 4011180 CudfExchangeSource.cpp:367] [ExchangeSource task0/0(0)] waiting for data for chunk: 31 using tag: cda0d3c30300001f
I20251107 16:33:06.771555 4011195 CudfExchangeClient.cpp:108] CudfExchangeClient::next called for task local:://processor-0
I20251107 16:33:06.824118 4011180 CudfExchangeSource.cpp:394] + onData Success
I20251107 16:33:06.824143 4011180 CudfExchangeSource.cpp:407] [ExchangeSource task0/0(0)]+ onData Success got chunk: 31
I20251107 16:33:06.824215 4011180 CudfExchangeSource.cpp:282] [ExchangeSource task0/0(0)] waiting for metadata for chunk: 32 using tag: cda0d3c302000020
I20251107 16:33:06.824250 4011180 CudfExchangeSource.cpp:303] + onMetadata Success
I20251107 16:33:06.824258 4011180 CudfExchangeSource.cpp:329] Datasize bytes == 536651968
I20251107 16:33:06.824280 4011180 CudfExchangeSource.cpp:362] Allocated 536651968 bytes of device memory
I20251107 16:33:06.824287 4011180 CudfExchangeSource.cpp:367] [ExchangeSource task0/0(0)] waiting for data for chunk: 32 using tag: cda0d3c303000020
I20251107 16:33:06.825402 4011195 CudfExchangeClient.cpp:108] CudfExchangeClient::next called for task local:://processor-0
I20251107 16:33:06.827069 4011180 CudfExchangeSource.cpp:394] + onData Success
I20251107 16:33:06.827080 4011180 CudfExchangeSource.cpp:407] [ExchangeSource task0/0(0)]+ onData Success got chunk: 32
I20251107 16:33:06.827095 4011180 CudfExchangeSource.cpp:282] [ExchangeSource task0/0(0)] waiting for metadata for chunk: 33 using tag: cda0d3c302000021
I20251107 16:33:06.827134 4011180 CudfExchangeSource.cpp:303] + onMetadata Success
I20251107 16:33:06.827142 4011180 CudfExchangeSource.cpp:329] Datasize bytes == 536812288
I20251107 16:33:06.827152 4011180 CudfExchangeSource.cpp:362] Allocated 536812288 bytes of device memory
I20251107 16:33:06.827155 4011180 CudfExchangeSource.cpp:367] [ExchangeSource task0/0(0)] waiting for data for chunk: 33 using tag: cda0d3c303000021
I20251107 16:33:06.872318 4011180 CudfExchangeSource.cpp:394] + onData Success
I20251107 16:33:06.872332 4011180 CudfExchangeSource.cpp:407] [ExchangeSource task0/0(0)]+ onData Success got chunk: 33
I20251107 16:33:06.872396 4011180 CudfExchangeSource.cpp:282] [ExchangeSource task0/0(0)] waiting for metadata for chunk: 34 using tag: cda0d3c302000022
I20251107 16:33:06.872418 4011180 CudfExchangeSource.cpp:303] + onMetadata Success
I20251107 16:33:06.872423 4011180 CudfExchangeSource.cpp:329] Datasize bytes == 536696704
I20251107 16:33:06.872437 4011180 CudfExchangeSource.cpp:362] Allocated 536696704 bytes of device memory
I20251107 16:33:06.872440 4011180 CudfExchangeSource.cpp:367] [ExchangeSource task0/0(0)] waiting for data for chunk: 34 using tag: cda0d3c303000022
I20251107 16:33:06.873652 4011195 CudfExchangeClient.cpp:108] CudfExchangeClient::next called for task local:://processor-0
I20251107 16:33:06.875196 4011180 CudfExchangeSource.cpp:394] + onData Success
I20251107 16:33:06.875209 4011180 CudfExchangeSource.cpp:407] [ExchangeSource task0/0(0)]+ onData Success got chunk: 34
I20251107 16:33:06.875222 4011180 CudfExchangeSource.cpp:282] [ExchangeSource task0/0(0)] waiting for metadata for chunk: 35 using tag: cda0d3c302000023
I20251107 16:33:06.875262 4011180 CudfExchangeSource.cpp:303] + onMetadata Success
I20251107 16:33:06.875269 4011180 CudfExchangeSource.cpp:329] Datasize bytes == 536584192
I20251107 16:33:06.875283 4011180 CudfExchangeSource.cpp:362] Allocated 536584192 bytes of device memory
I20251107 16:33:06.875286 4011180 CudfExchangeSource.cpp:367] [ExchangeSource task0/0(0)] waiting for data for chunk: 35 using tag: cda0d3c303000023
I20251107 16:33:06.919459 4011180 CudfExchangeSource.cpp:394] + onData Success
I20251107 16:33:06.919477 4011180 CudfExchangeSource.cpp:407] [ExchangeSource task0/0(0)]+ onData Success got chunk: 35
I20251107 16:33:06.919533 4011180 CudfExchangeSource.cpp:282] [ExchangeSource task0/0(0)] waiting for metadata for chunk: 36 using tag: cda0d3c302000024
I20251107 16:33:06.919566 4011180 CudfExchangeSource.cpp:303] + onMetadata Success
I20251107 16:33:06.919574 4011180 CudfExchangeSource.cpp:329] Datasize bytes == 536854272
I20251107 16:33:06.919588 4011180 CudfExchangeSource.cpp:362] Allocated 536854272 bytes of device memory
I20251107 16:33:06.919595 4011180 CudfExchangeSource.cpp:367] [ExchangeSource task0/0(0)] waiting for data for chunk: 36 using tag: cda0d3c303000024
I20251107 16:33:06.920630 4011195 CudfExchangeClient.cpp:108] CudfExchangeClient::next called for task local:://processor-0
I20251107 16:33:06.968936 4011180 CudfExchangeSource.cpp:394] + onData Success
I20251107 16:33:06.968953 4011180 CudfExchangeSource.cpp:407] [ExchangeSource task0/0(0)]+ onData Success got chunk: 36
I20251107 16:33:06.969014 4011180 CudfExchangeSource.cpp:282] [ExchangeSource task0/0(0)] waiting for metadata for chunk: 37 using tag: cda0d3c302000025
I20251107 16:33:06.969079 4011180 CudfExchangeSource.cpp:303] + onMetadata Success
I20251107 16:33:06.969089 4011180 CudfExchangeSource.cpp:329] Datasize bytes == 347482944
I20251107 16:33:06.969105 4011180 CudfExchangeSource.cpp:362] Allocated 347482944 bytes of device memory
I20251107 16:33:06.969108 4011180 CudfExchangeSource.cpp:367] [ExchangeSource task0/0(0)] waiting for data for chunk: 37 using tag: cda0d3c303000025
I20251107 16:33:06.970221 4011195 CudfExchangeClient.cpp:108] CudfExchangeClient::next called for task local:://processor-0
I20251107 16:33:06.970914 4011180 CudfExchangeSource.cpp:394] + onData Success
I20251107 16:33:06.970925 4011180 CudfExchangeSource.cpp:407] [ExchangeSource task0/0(0)]+ onData Success got chunk: 37
I20251107 16:33:06.970939 4011180 CudfExchangeSource.cpp:282] [ExchangeSource task0/0(0)] waiting for metadata for chunk: 38 using tag: cda0d3c302000026
I20251107 16:33:06.970980 4011180 CudfExchangeSource.cpp:303] + onMetadata Success
I20251107 16:33:06.970985 4011180 CudfExchangeSource.cpp:329] Datasize bytes == 0
I20251107 16:33:06.970990 4011180 CudfExchangeSource.cpp:335] There is no more data to transfer for [ExchangeSource task0/0(0)]
I20251107 16:33:07.015570 4011195 CudfExchangeClient.cpp:108] CudfExchangeClient::next called for task local:://processor-0
I20251107 16:33:07.066702 4011195 CudfExchangeClient.cpp:108] CudfExchangeClient::next called for task local:://processor-0
I20251107 16:33:07.114782 4011195 CudfExchangeClient.cpp:108] CudfExchangeClient::next called for task local:://processor-0
I20251107 16:33:07.165025 4011195 CudfExchangeClient.cpp:108] CudfExchangeClient::next called for task local:://processor-0
I20251107 16:33:07.221601 4011195 CudfExchangeClient.cpp:108] CudfExchangeClient::next called for task local:://processor-0
I20251107 16:33:07.287858 4011195 CudfExchangeClient.cpp:108] CudfExchangeClient::next called for task local:://processor-0
I20251107 16:33:07.339936 4011195 CudfExchangeClient.cpp:108] CudfExchangeClient::next called for task local:://processor-0
I20251107 16:33:07.398406 4011195 CudfExchangeClient.cpp:108] CudfExchangeClient::next called for task local:://processor-0
I20251107 16:33:07.448745 4011195 CudfExchangeClient.cpp:108] CudfExchangeClient::next called for task local:://processor-0
I20251107 16:33:07.497126 4011195 CudfExchangeClient.cpp:108] CudfExchangeClient::next called for task local:://processor-0
I20251107 16:33:07.556578 4011195 CudfExchangeClient.cpp:108] CudfExchangeClient::next called for task local:://processor-0
I20251107 16:33:07.605602 4011195 CudfExchangeClient.cpp:108] CudfExchangeClient::next called for task local:://processor-0
I20251107 16:33:07.660140 4011195 CudfExchangeClient.cpp:108] CudfExchangeClient::next called for task local:://processor-0
I20251107 16:33:07.705794 4011195 CudfExchangeClient.cpp:108] CudfExchangeClient::next called for task local:://processor-0
I20251107 16:33:07.752928 4011195 CudfExchangeClient.cpp:108] CudfExchangeClient::next called for task local:://processor-0
I20251107 16:33:07.804035 4011195 CudfExchangeClient.cpp:108] CudfExchangeClient::next called for task local:://processor-0
I20251107 16:33:07.857151 4011195 CudfExchangeClient.cpp:108] CudfExchangeClient::next called for task local:://processor-0
I20251107 16:33:07.910359 4011195 CudfExchangeClient.cpp:108] CudfExchangeClient::next called for task local:://processor-0
I20251107 16:33:07.960899 4011195 CudfExchangeClient.cpp:108] CudfExchangeClient::next called for task local:://processor-0
I20251107 16:33:08.011075 4011195 CudfExchangeClient.cpp:108] CudfExchangeClient::next called for task local:://processor-0
I20251107 16:33:08.050443 4011195 CudfExchangeClient.cpp:108] CudfExchangeClient::next called for task local:://processor-0
I20251107 16:33:08.050603 4011195 CudfExchangeSource.cpp:148] CudfExchangeSource::close called.
I20251107 16:33:08.050612 4011195 CudfExchangeSource.cpp:149] closing task: task0/0
I20251107 16:33:08.050619 4011195 CudfExchangeSource.cpp:150] Close receiver to remote task0/0.
I20251107 16:33:08.050623 4011195 CudfExchangeSource.cpp:151]
StateTransitionMetrics:
  Total transitions recorded: 118

  Statistics:
  Created -> WaitingForHandshakeComplete:
    Count: 1
    Total duration: 2442 µs
    Average duration: 2442 µs
    Min duration: 2442 µs
    Max duration: 2442 µs
    Total bytes: 0
    Average bytes: 0
    Min bytes: 0
    Max bytes: 0
    Individual transitions:
      Index, Duration µs, Bytes, Throughput MB/s
      0, 2442, 0
  ReadyToReceive -> WaitingForMetadata:
    Count: 39
    Total duration: 318 µs
    Average duration: 8.15385 µs
    Min duration: 3 µs
    Max duration: 104 µs
    Total bytes: 0
    Average bytes: 0
    Min bytes: 0
    Max bytes: 0
    Individual transitions:
      Index, Duration µs, Bytes, Throughput MB/s
      0, 41, 0
      1, 104, 0
      2, 5, 0
      3, 4, 0
      4, 4, 0
      5, 8, 0
      6, 4, 0
      7, 4, 0
      8, 3, 0
      9, 3, 0
      10, 4, 0
      11, 3, 0
      12, 7, 0
      13, 3, 0
      14, 3, 0
      15, 3, 0
      16, 4, 0
      17, 6, 0
      18, 3, 0
      19, 3, 0
      20, 8, 0
      21, 6, 0
      22, 3, 0
      23, 6, 0
      24, 3, 0
      25, 8, 0
      26, 6, 0
      27, 8, 0
      28, 6, 0
      29, 3, 0
      30, 4, 0
      31, 5, 0
      32, 8, 0
      33, 3, 0
      34, 5, 0
      35, 3, 0
      36, 5, 0
      37, 6, 0
      38, 3, 0
  WaitingForData -> ReadyToReceive:
    Count: 38
    Total duration: 1371098 µs
    Average duration: 36081.5 µs
    Min duration: 1817 µs
    Max duration: 570877 µs
    Total bytes: 20206306112
    Average bytes: 5.31745e+08
    Min bytes: 347482944
    Max bytes: 536857856
    Overall throughput: 14054.6 MB/s
    Average throughput: 14054.6 MB/s
    Individual transitions:
      Index, Duration µs, Bytes, Throughput MB/s
      0, 570877, 536777088, 896.709
      1, 27424, 536691456, 18663.5
      2, 3508, 536857856, 145949
      3, 3049, 536728640, 167879
      4, 2795, 536696064, 183125
      5, 3062, 536804992, 167190
      6, 3176, 536704192, 161159
      7, 5279, 536676544, 96953
      8, 2682, 536737280, 190855
      9, 3361, 536724736, 152294
      10, 2595, 536619712, 197210
      11, 53133, 536691456, 9632.97
      12, 2555, 536844544, 200382
      13, 3082, 536827008, 166112
      14, 2793, 536768832, 183281
      15, 2544, 536777920, 201223
      16, 46717, 536642560, 10954.9
      17, 2882, 536614720, 177570
      18, 2822, 536852736, 181425
      19, 48272, 536780608, 10604.8
      20, 2919, 536653504, 175332
      21, 2768, 536689920, 184909
      22, 55990, 536657344, 9140.85
      23, 2900, 536582720, 176457
      24, 52541, 536655936, 9740.87
      25, 48360, 536780160, 10585.5
      26, 50527, 536698496, 10129.9
      27, 58727, 536618624, 8714.21
      28, 2897, 536810688, 176715
      29, 51752, 536816576, 9892.34
      30, 49386, 536656064, 10363.2
      31, 53601, 536784768, 9550.53
      32, 2793, 536651968, 183241
      33, 45182, 536812288, 11330.7
      34, 2772, 536696704, 184644
      35, 44196, 536584192, 11578.6
      36, 49362, 536854272, 10372
      37, 1817, 347482944, 182381
  WaitingForHandshakeComplete -> ReadyToReceive:
    Count: 1
    Total duration: 200332 µs
    Average duration: 200332 µs
    Min duration: 200332 µs
    Max duration: 200332 µs
    Total bytes: 0
    Average bytes: 0
    Min bytes: 0
    Max bytes: 0
    Individual transitions:
      Index, Duration µs, Bytes, Throughput MB/s
      0, 200332, 0
  WaitingForMetadata -> Done:
    Count: 1
    Total duration: 59 µs
    Average duration: 59 µs
    Min duration: 59 µs
    Max duration: 59 µs
    Total bytes: 0
    Average bytes: 0
    Min bytes: 0
    Max bytes: 0
    Individual transitions:
      Index, Duration µs, Bytes, Throughput MB/s
      0, 59, 0
  WaitingForMetadata -> WaitingForData:
    Count: 38
    Total duration: 184601 µs
    Average duration: 4857.92 µs
    Min duration: 63 µs
    Max duration: 60035 µs
    Total bytes: 0
    Average bytes: 0
    Min bytes: 0
    Max bytes: 0
    Individual transitions:
      Index, Duration µs, Bytes, Throughput MB/s
      0, 2059, 0
      1, 97, 0
      2, 81, 0
      3, 77, 0
      4, 286, 0
      5, 8253, 0
      6, 90, 0
      7, 77, 0
      8, 60035, 0
      9, 1524, 0
      10, 87, 0
      11, 7151, 0
      12, 187, 0
      13, 3260, 0
      14, 131, 0
      15, 81, 0
      16, 78, 0
      17, 116, 0
      18, 48687, 0
      19, 87, 0
      20, 129, 0
      21, 50353, 0
      22, 109, 0
      23, 91, 0
      24, 63, 0
      25, 87, 0
      26, 129, 0
      27, 180, 0
      28, 103, 0
      29, 93, 0
      30, 76, 0
      31, 129, 0
      32, 129, 0
      33, 67, 0
      34, 97, 0
      35, 70, 0
      36, 108, 0
      37, 144, 0
I20251107 16:33:08.063589 4011194 FileSink.cpp:160] closing file: /tmp/velox_test_vqpb9U/local:://processor-0_0_5_3f94d5cc-f6f3-4121-b310-fb84ee7fd95c,  total size: 16.02KB
I20251107 16:33:08.064023 4011194 Task.cpp:1377] All drivers (2) finished for task local:://processor-0 after running for 2.86s
I20251107 16:33:08.064042 4011194 Task.cpp:2428] Terminating task local:://processor-0 with state Finished after running for 2.86s
I20251107 16:33:08.064124 4011158 1brc_client.cpp:259] *** processing task done in: 2855 milliseconds
Going to clean-up
I20251107 16:33:08.064203 4011158 Communicator.cpp:155] In Communicator::stop  elements_.size(): 0 endpoints_.size(): 1 workQueue_._size(): 0
I20251107 16:33:08.064210 4011180 Communicator.cpp:149] Communicator stopping.
Going to leave main
I20251107 16:33:08.081770 4011158 TempDirectoryPath.cpp:29] TempDirectoryPath:: removing all files from /tmp/velox_test_vqpb9U
I20251107 16:33:08.178023 4011158 Communicator.cpp:85] Communicator destructed
